Archive member included to satisfy reference by file (symbol)

c:/avr8-gnu-toolchain-3.7.0.1796-win32.any.x86_64/avr8-gnu-toolchain-win32_x86_64/bin/../lib/gcc/avr/7.3.0/avr5\libgcc.a(_udivmodhi4.o)
                              C:\Users\MRHEND~1\AppData\Local\Temp\ccmi50R1.o (__udivmodhi4)
c:/avr8-gnu-toolchain-3.7.0.1796-win32.any.x86_64/avr8-gnu-toolchain-win32_x86_64/bin/../lib/gcc/avr/7.3.0/avr5\libgcc.a(_divmodsi4.o)
                              C:\Users\MRHEND~1\AppData\Local\Temp\ccu8UShG.o (__divmodsi4)
c:/avr8-gnu-toolchain-3.7.0.1796-win32.any.x86_64/avr8-gnu-toolchain-win32_x86_64/bin/../lib/gcc/avr/7.3.0/avr5\libgcc.a(_negsi2.o)
                              c:/avr8-gnu-toolchain-3.7.0.1796-win32.any.x86_64/avr8-gnu-toolchain-win32_x86_64/bin/../lib/gcc/avr/7.3.0/avr5\libgcc.a(_divmodsi4.o) (__negsi2)
c:/avr8-gnu-toolchain-3.7.0.1796-win32.any.x86_64/avr8-gnu-toolchain-win32_x86_64/bin/../lib/gcc/avr/7.3.0/avr5\libgcc.a(_exit.o)
                              c:/avr8-gnu-toolchain-3.7.0.1796-win32.any.x86_64/avr8-gnu-toolchain-win32_x86_64/bin/../lib/gcc/avr/7.3.0/../../../../avr/lib/avr5/crtatmega32.o (exit)
c:/avr8-gnu-toolchain-3.7.0.1796-win32.any.x86_64/avr8-gnu-toolchain-win32_x86_64/bin/../lib/gcc/avr/7.3.0/avr5\libgcc.a(_tablejump2.o)
                              C:\Users\MRHEND~1\AppData\Local\Temp\ccYT4HVg.o (__tablejump2__)
c:/avr8-gnu-toolchain-3.7.0.1796-win32.any.x86_64/avr8-gnu-toolchain-win32_x86_64/bin/../lib/gcc/avr/7.3.0/avr5\libgcc.a(_copy_data.o)
                              C:\Users\MRHEND~1\AppData\Local\Temp\cc67hK5V.o (__do_copy_data)
c:/avr8-gnu-toolchain-3.7.0.1796-win32.any.x86_64/avr8-gnu-toolchain-win32_x86_64/bin/../lib/gcc/avr/7.3.0/avr5\libgcc.a(_clear_bss.o)
                              C:\Users\MRHEND~1\AppData\Local\Temp\ccmi50R1.o (__do_clear_bss)
c:/avr8-gnu-toolchain-3.7.0.1796-win32.any.x86_64/avr8-gnu-toolchain-win32_x86_64/bin/../lib/gcc/avr/7.3.0/avr5\libgcc.a(_udivmodsi4.o)
                              c:/avr8-gnu-toolchain-3.7.0.1796-win32.any.x86_64/avr8-gnu-toolchain-win32_x86_64/bin/../lib/gcc/avr/7.3.0/avr5\libgcc.a(_divmodsi4.o) (__udivmodsi4)
c:/avr8-gnu-toolchain-3.7.0.1796-win32.any.x86_64/avr8-gnu-toolchain-win32_x86_64/bin/../lib/gcc/avr/7.3.0/../../../../avr/lib/avr5\libm.a(addsf3.o)
                              C:\Users\MRHEND~1\AppData\Local\Temp\cc3xGCc7.o (__subsf3)
c:/avr8-gnu-toolchain-3.7.0.1796-win32.any.x86_64/avr8-gnu-toolchain-win32_x86_64/bin/../lib/gcc/avr/7.3.0/../../../../avr/lib/avr5\libm.a(addsf3x.o)
                              c:/avr8-gnu-toolchain-3.7.0.1796-win32.any.x86_64/avr8-gnu-toolchain-win32_x86_64/bin/../lib/gcc/avr/7.3.0/../../../../avr/lib/avr5\libm.a(addsf3.o) (__addsf3x)
c:/avr8-gnu-toolchain-3.7.0.1796-win32.any.x86_64/avr8-gnu-toolchain-win32_x86_64/bin/../lib/gcc/avr/7.3.0/../../../../avr/lib/avr5\libm.a(cmpsf2.o)
                              C:\Users\MRHEND~1\AppData\Local\Temp\cc3xGCc7.o (__nesf2)
c:/avr8-gnu-toolchain-3.7.0.1796-win32.any.x86_64/avr8-gnu-toolchain-win32_x86_64/bin/../lib/gcc/avr/7.3.0/../../../../avr/lib/avr5\libm.a(divsf3.o)
                              C:\Users\MRHEND~1\AppData\Local\Temp\cc3xGCc7.o (__divsf3)
c:/avr8-gnu-toolchain-3.7.0.1796-win32.any.x86_64/avr8-gnu-toolchain-win32_x86_64/bin/../lib/gcc/avr/7.3.0/../../../../avr/lib/avr5\libm.a(divsf3x.o)
                              c:/avr8-gnu-toolchain-3.7.0.1796-win32.any.x86_64/avr8-gnu-toolchain-win32_x86_64/bin/../lib/gcc/avr/7.3.0/../../../../avr/lib/avr5\libm.a(divsf3.o) (__divsf3x)
c:/avr8-gnu-toolchain-3.7.0.1796-win32.any.x86_64/avr8-gnu-toolchain-win32_x86_64/bin/../lib/gcc/avr/7.3.0/../../../../avr/lib/avr5\libm.a(fixunssfsi.o)
                              C:\Users\MRHEND~1\AppData\Local\Temp\cc3xGCc7.o (__fixunssfsi)
c:/avr8-gnu-toolchain-3.7.0.1796-win32.any.x86_64/avr8-gnu-toolchain-win32_x86_64/bin/../lib/gcc/avr/7.3.0/../../../../avr/lib/avr5\libm.a(floatsisf.o)
                              C:\Users\MRHEND~1\AppData\Local\Temp\cc3xGCc7.o (__floatunsisf)
c:/avr8-gnu-toolchain-3.7.0.1796-win32.any.x86_64/avr8-gnu-toolchain-win32_x86_64/bin/../lib/gcc/avr/7.3.0/../../../../avr/lib/avr5\libm.a(fp_cmp.o)
                              c:/avr8-gnu-toolchain-3.7.0.1796-win32.any.x86_64/avr8-gnu-toolchain-win32_x86_64/bin/../lib/gcc/avr/7.3.0/../../../../avr/lib/avr5\libm.a(cmpsf2.o) (__fp_cmp)
c:/avr8-gnu-toolchain-3.7.0.1796-win32.any.x86_64/avr8-gnu-toolchain-win32_x86_64/bin/../lib/gcc/avr/7.3.0/../../../../avr/lib/avr5\libm.a(fp_inf.o)
                              c:/avr8-gnu-toolchain-3.7.0.1796-win32.any.x86_64/avr8-gnu-toolchain-win32_x86_64/bin/../lib/gcc/avr/7.3.0/../../../../avr/lib/avr5\libm.a(addsf3x.o) (__fp_inf)
c:/avr8-gnu-toolchain-3.7.0.1796-win32.any.x86_64/avr8-gnu-toolchain-win32_x86_64/bin/../lib/gcc/avr/7.3.0/../../../../avr/lib/avr5\libm.a(fp_nan.o)
                              c:/avr8-gnu-toolchain-3.7.0.1796-win32.any.x86_64/avr8-gnu-toolchain-win32_x86_64/bin/../lib/gcc/avr/7.3.0/../../../../avr/lib/avr5\libm.a(addsf3x.o) (__fp_nan)
c:/avr8-gnu-toolchain-3.7.0.1796-win32.any.x86_64/avr8-gnu-toolchain-win32_x86_64/bin/../lib/gcc/avr/7.3.0/../../../../avr/lib/avr5\libm.a(fp_pscA.o)
                              c:/avr8-gnu-toolchain-3.7.0.1796-win32.any.x86_64/avr8-gnu-toolchain-win32_x86_64/bin/../lib/gcc/avr/7.3.0/../../../../avr/lib/avr5\libm.a(addsf3x.o) (__fp_pscA)
c:/avr8-gnu-toolchain-3.7.0.1796-win32.any.x86_64/avr8-gnu-toolchain-win32_x86_64/bin/../lib/gcc/avr/7.3.0/../../../../avr/lib/avr5\libm.a(fp_pscB.o)
                              c:/avr8-gnu-toolchain-3.7.0.1796-win32.any.x86_64/avr8-gnu-toolchain-win32_x86_64/bin/../lib/gcc/avr/7.3.0/../../../../avr/lib/avr5\libm.a(addsf3x.o) (__fp_pscB)
c:/avr8-gnu-toolchain-3.7.0.1796-win32.any.x86_64/avr8-gnu-toolchain-win32_x86_64/bin/../lib/gcc/avr/7.3.0/../../../../avr/lib/avr5\libm.a(fp_round.o)
                              c:/avr8-gnu-toolchain-3.7.0.1796-win32.any.x86_64/avr8-gnu-toolchain-win32_x86_64/bin/../lib/gcc/avr/7.3.0/../../../../avr/lib/avr5\libm.a(addsf3.o) (__fp_round)
c:/avr8-gnu-toolchain-3.7.0.1796-win32.any.x86_64/avr8-gnu-toolchain-win32_x86_64/bin/../lib/gcc/avr/7.3.0/../../../../avr/lib/avr5\libm.a(fp_split3.o)
                              c:/avr8-gnu-toolchain-3.7.0.1796-win32.any.x86_64/avr8-gnu-toolchain-win32_x86_64/bin/../lib/gcc/avr/7.3.0/../../../../avr/lib/avr5\libm.a(addsf3x.o) (__fp_split3)
c:/avr8-gnu-toolchain-3.7.0.1796-win32.any.x86_64/avr8-gnu-toolchain-win32_x86_64/bin/../lib/gcc/avr/7.3.0/../../../../avr/lib/avr5\libm.a(fp_zero.o)
                              c:/avr8-gnu-toolchain-3.7.0.1796-win32.any.x86_64/avr8-gnu-toolchain-win32_x86_64/bin/../lib/gcc/avr/7.3.0/../../../../avr/lib/avr5\libm.a(addsf3x.o) (__fp_zero)
c:/avr8-gnu-toolchain-3.7.0.1796-win32.any.x86_64/avr8-gnu-toolchain-win32_x86_64/bin/../lib/gcc/avr/7.3.0/../../../../avr/lib/avr5\libm.a(mulsf3.o)
                              C:\Users\MRHEND~1\AppData\Local\Temp\cc3xGCc7.o (__mulsf3)
c:/avr8-gnu-toolchain-3.7.0.1796-win32.any.x86_64/avr8-gnu-toolchain-win32_x86_64/bin/../lib/gcc/avr/7.3.0/../../../../avr/lib/avr5\libm.a(mulsf3x.o)
                              c:/avr8-gnu-toolchain-3.7.0.1796-win32.any.x86_64/avr8-gnu-toolchain-win32_x86_64/bin/../lib/gcc/avr/7.3.0/../../../../avr/lib/avr5\libm.a(mulsf3.o) (__mulsf3x)

Memory Configuration

Name             Origin             Length             Attributes
text             0x0000000000000000 0x0000000000008000 xr
data             0x0000000000800060 0x0000000000000800 rw !x
eeprom           0x0000000000810000 0x0000000000000400 rw !x
fuse             0x0000000000820000 0x0000000000000002 rw !x
lock             0x0000000000830000 0x0000000000000400 rw !x
signature        0x0000000000840000 0x0000000000000400 rw !x
user_signatures  0x0000000000850000 0x0000000000000400 rw !x
*default*        0x0000000000000000 0xffffffffffffffff

Linker script and memory map

LOAD c:/avr8-gnu-toolchain-3.7.0.1796-win32.any.x86_64/avr8-gnu-toolchain-win32_x86_64/bin/../lib/gcc/avr/7.3.0/../../../../avr/lib/avr5/crtatmega32.o
LOAD C:\Users\MRHEND~1\AppData\Local\Temp\ccmi50R1.o
LOAD C:\Users\MRHEND~1\AppData\Local\Temp\cciwZqPy.o
LOAD C:\Users\MRHEND~1\AppData\Local\Temp\ccYT4HVg.o
LOAD C:\Users\MRHEND~1\AppData\Local\Temp\ccU557i6.o
LOAD C:\Users\MRHEND~1\AppData\Local\Temp\cc67hK5V.o
LOAD C:\Users\MRHEND~1\AppData\Local\Temp\ccmcMlhX.o
LOAD C:\Users\MRHEND~1\AppData\Local\Temp\ccALAF02.o
LOAD C:\Users\MRHEND~1\AppData\Local\Temp\cc3xGCc7.o
LOAD C:\Users\MRHEND~1\AppData\Local\Temp\ccq5pplc.o
LOAD C:\Users\MRHEND~1\AppData\Local\Temp\ccBKyDnp.o
LOAD C:\Users\MRHEND~1\AppData\Local\Temp\ccu8UShG.o
LOAD C:\Users\MRHEND~1\AppData\Local\Temp\cchNXSx2.o
LOAD C:\Users\MRHEND~1\AppData\Local\Temp\cc4Ffbxw.o
LOAD C:\Users\MRHEND~1\AppData\Local\Temp\ccBytzf5.o
LOAD C:\Users\MRHEND~1\AppData\Local\Temp\ccm2yLpE.o
LOAD C:\Users\MRHEND~1\AppData\Local\Temp\cczsFEto.o
LOAD C:\Users\MRHEND~1\AppData\Local\Temp\cckOiotc.o
LOAD C:\Users\MRHEND~1\AppData\Local\Temp\ccb1l656.o
START GROUP
LOAD c:/avr8-gnu-toolchain-3.7.0.1796-win32.any.x86_64/avr8-gnu-toolchain-win32_x86_64/bin/../lib/gcc/avr/7.3.0/avr5\libgcc.a
LOAD c:/avr8-gnu-toolchain-3.7.0.1796-win32.any.x86_64/avr8-gnu-toolchain-win32_x86_64/bin/../lib/gcc/avr/7.3.0/../../../../avr/lib/avr5\libm.a
LOAD c:/avr8-gnu-toolchain-3.7.0.1796-win32.any.x86_64/avr8-gnu-toolchain-win32_x86_64/bin/../lib/gcc/avr/7.3.0/../../../../avr/lib/avr5\libc.a
LOAD c:/avr8-gnu-toolchain-3.7.0.1796-win32.any.x86_64/avr8-gnu-toolchain-win32_x86_64/bin/../lib/gcc/avr/7.3.0/../../../../avr/lib/avr5\libatmega32.a
END GROUP
                0x0000000000000000                __TEXT_REGION_ORIGIN__ = DEFINED (__TEXT_REGION_ORIGIN__)?__TEXT_REGION_ORIGIN__:0x0
                [0x0000000000800060]                __DATA_REGION_ORIGIN__ = DEFINED (__DATA_REGION_ORIGIN__)?__DATA_REGION_ORIGIN__:0x800060
                [0x0000000000008000]                __TEXT_REGION_LENGTH__ = DEFINED (__TEXT_REGION_LENGTH__)?__TEXT_REGION_LENGTH__:0x20000
                [0x0000000000000800]                __DATA_REGION_LENGTH__ = DEFINED (__DATA_REGION_LENGTH__)?__DATA_REGION_LENGTH__:0xffa0
                [0x0000000000000400]                __EEPROM_REGION_LENGTH__ = DEFINED (__EEPROM_REGION_LENGTH__)?__EEPROM_REGION_LENGTH__:0x10000
                [0x0000000000000002]                __FUSE_REGION_LENGTH__ = DEFINED (__FUSE_REGION_LENGTH__)?__FUSE_REGION_LENGTH__:0x400
                0x0000000000000400                __LOCK_REGION_LENGTH__ = DEFINED (__LOCK_REGION_LENGTH__)?__LOCK_REGION_LENGTH__:0x400
                0x0000000000000400                __SIGNATURE_REGION_LENGTH__ = DEFINED (__SIGNATURE_REGION_LENGTH__)?__SIGNATURE_REGION_LENGTH__:0x400
                0x0000000000000400                __USER_SIGNATURE_REGION_LENGTH__ = DEFINED (__USER_SIGNATURE_REGION_LENGTH__)?__USER_SIGNATURE_REGION_LENGTH__:0x400

.hash
 *(.hash)

.dynsym
 *(.dynsym)

.dynstr
 *(.dynstr)

.gnu.version
 *(.gnu.version)

.gnu.version_d
 *(.gnu.version_d)

.gnu.version_r
 *(.gnu.version_r)

.rel.init
 *(.rel.init)

.rela.init
 *(.rela.init)

.rel.text
 *(.rel.text)
 *(.rel.text.*)
 *(.rel.gnu.linkonce.t*)

.rela.text
 *(.rela.text)
 *(.rela.text.*)
 *(.rela.gnu.linkonce.t*)

.rel.fini
 *(.rel.fini)

.rela.fini
 *(.rela.fini)

.rel.rodata
 *(.rel.rodata)
 *(.rel.rodata.*)
 *(.rel.gnu.linkonce.r*)

.rela.rodata
 *(.rela.rodata)
 *(.rela.rodata.*)
 *(.rela.gnu.linkonce.r*)

.rel.data
 *(.rel.data)
 *(.rel.data.*)
 *(.rel.gnu.linkonce.d*)

.rela.data
 *(.rela.data)
 *(.rela.data.*)
 *(.rela.gnu.linkonce.d*)

.rel.ctors
 *(.rel.ctors)

.rela.ctors
 *(.rela.ctors)

.rel.dtors
 *(.rel.dtors)

.rela.dtors
 *(.rela.dtors)

.rel.got
 *(.rel.got)

.rela.got
 *(.rela.got)

.rel.bss
 *(.rel.bss)

.rela.bss
 *(.rela.bss)

.rel.plt
 *(.rel.plt)

.rela.plt
 *(.rela.plt)

.text           0x0000000000000000     0x200e
 *(.vectors)
 .vectors       0x0000000000000000       0x54 c:/avr8-gnu-toolchain-3.7.0.1796-win32.any.x86_64/avr8-gnu-toolchain-win32_x86_64/bin/../lib/gcc/avr/7.3.0/../../../../avr/lib/avr5/crtatmega32.o
                0x0000000000000000                __vector_default
                0x0000000000000000                __vectors
 *(.vectors)
 *(.progmem.gcc*)
                0x0000000000000054                . = ALIGN (0x2)
                0x0000000000000054                __trampolines_start = .
 *(.trampolines)
 .trampolines   0x0000000000000054        0x0 linker stubs
 *(.trampolines*)
                0x0000000000000054                __trampolines_end = .
 *libprintf_flt.a:*(.progmem.data)
 *libc.a:*(.progmem.data)
 *(.progmem*)
                0x0000000000000054                . = ALIGN (0x2)
 *(.jumptables)
 *(.jumptables*)
 *(.lowtext)
 *(.lowtext*)
                0x0000000000000054                __ctors_start = .
 *(.ctors)
                0x0000000000000054                __ctors_end = .
                0x0000000000000054                __dtors_start = .
 *(.dtors)
                0x0000000000000054                __dtors_end = .
 SORT(*)(.ctors)
 SORT(*)(.dtors)
 *(.init0)
 .init0         0x0000000000000054        0x0 c:/avr8-gnu-toolchain-3.7.0.1796-win32.any.x86_64/avr8-gnu-toolchain-win32_x86_64/bin/../lib/gcc/avr/7.3.0/../../../../avr/lib/avr5/crtatmega32.o
                0x0000000000000054                __init
 *(.init0)
 *(.init1)
 *(.init1)
 *(.init2)
 .init2         0x0000000000000054        0xc c:/avr8-gnu-toolchain-3.7.0.1796-win32.any.x86_64/avr8-gnu-toolchain-win32_x86_64/bin/../lib/gcc/avr/7.3.0/../../../../avr/lib/avr5/crtatmega32.o
 *(.init2)
 *(.init3)
 *(.init3)
 *(.init4)
 .init4         0x0000000000000060       0x16 c:/avr8-gnu-toolchain-3.7.0.1796-win32.any.x86_64/avr8-gnu-toolchain-win32_x86_64/bin/../lib/gcc/avr/7.3.0/avr5\libgcc.a(_copy_data.o)
                0x0000000000000060                __do_copy_data
 .init4         0x0000000000000076       0x10 c:/avr8-gnu-toolchain-3.7.0.1796-win32.any.x86_64/avr8-gnu-toolchain-win32_x86_64/bin/../lib/gcc/avr/7.3.0/avr5\libgcc.a(_clear_bss.o)
                0x0000000000000076                __do_clear_bss
 *(.init4)
 *(.init5)
 *(.init5)
 *(.init6)
 *(.init6)
 *(.init7)
 *(.init7)
 *(.init8)
 *(.init8)
 *(.init9)
 .init9         0x0000000000000086        0x8 c:/avr8-gnu-toolchain-3.7.0.1796-win32.any.x86_64/avr8-gnu-toolchain-win32_x86_64/bin/../lib/gcc/avr/7.3.0/../../../../avr/lib/avr5/crtatmega32.o
 *(.init9)
 *(.text)
 .text          0x000000000000008e        0x4 c:/avr8-gnu-toolchain-3.7.0.1796-win32.any.x86_64/avr8-gnu-toolchain-win32_x86_64/bin/../lib/gcc/avr/7.3.0/../../../../avr/lib/avr5/crtatmega32.o
                0x000000000000008e                __vector_12
                0x000000000000008e                __bad_interrupt
                0x000000000000008e                __vector_13
                0x000000000000008e                __vector_17
                0x000000000000008e                __vector_19
                0x000000000000008e                __vector_5
                0x000000000000008e                __vector_4
                0x000000000000008e                __vector_15
                0x000000000000008e                __vector_14
                0x000000000000008e                __vector_18
                0x000000000000008e                __vector_20
 .text          0x0000000000000092      0x34a C:\Users\MRHEND~1\AppData\Local\Temp\ccmi50R1.o
                0x00000000000000d6                PedestrianMode
                0x0000000000000104                normalModeLIGHT
                0x00000000000001e4                PedestrianModeLIGHT
                0x0000000000000322                APP_enuInit
                0x00000000000003ca                APP_enuStart
 .text          0x00000000000003dc        0x2 C:\Users\MRHEND~1\AppData\Local\Temp\cciwZqPy.o
                0x00000000000003dc                fun
 .text          0x00000000000003de      0x340 C:\Users\MRHEND~1\AppData\Local\Temp\ccYT4HVg.o
                0x00000000000003de                ADC_enuInit
                0x00000000000003f2                ADC_enuStartConversion_Sync
                0x000000000000044e                ADC_enuStartConversion_ASync
                0x00000000000004a4                ADC_enuStartChainConversion
                0x0000000000000508                ADC_enuStartConversion
                0x0000000000000510                ADC_enuPollingSystem
                0x0000000000000526                ADC_enuReadHighValue
                0x0000000000000532                ADC_enuRead
                0x000000000000055e                ADC_enuCallBack
                0x000000000000057e                ADC_enuEnableADC
                0x0000000000000586                ADC_enuDisableADC
                0x000000000000058e                ADC_enuEnableInterruptMode
                0x0000000000000596                ADC_enuDisableInterruptMode
                0x000000000000059e                ADC_enuSelectChannel
                0x00000000000005b6                ADC_enuEnableTriggeringMode
                0x0000000000000612                ADC_enuDisableTriggeringMode
                0x000000000000061a                __vector_16
 .text          0x000000000000071e      0x240 C:\Users\MRHEND~1\AppData\Local\Temp\ccU557i6.o
                0x000000000000071e                DIO_enuInit
                0x0000000000000738                DIO_enuSetPortDirection
                0x0000000000000762                DIO_enuSetPortValue
                0x000000000000078c                DIO_enuTogPortValue
                0x00000000000007c6                DIO_enuGetPortValue
                0x0000000000000806                DIO_enuSetPinDirection
                0x0000000000000868                DIO_enuSetPinValue
                0x00000000000008ca                DIO_enuTogPinValue
                0x0000000000000914                DIO_enuGetPinValue
 .text          0x000000000000095e        0x0 C:\Users\MRHEND~1\AppData\Local\Temp\cc67hK5V.o
 .text          0x000000000000095e      0x30c C:\Users\MRHEND~1\AppData\Local\Temp\ccmcMlhX.o
                0x000000000000095e                EXTI_enuInit
                0x0000000000000a48                EXTI_enuEnableINT
                0x0000000000000a72                EXTI_enuDisableINT
                0x0000000000000a9c                EXTI_enuSetSenseMode
                0x0000000000000b2c                EXTI_enuSetCallBack
                0x0000000000000b5c                __vector_1
                0x0000000000000bb6                __vector_2
                0x0000000000000c10                __vector_3
 .text          0x0000000000000c6a       0x18 C:\Users\MRHEND~1\AppData\Local\Temp\ccALAF02.o
                0x0000000000000c6a                GIE_voidEnable
                0x0000000000000c76                GIE_voidDisable
 .text          0x0000000000000c82      0x3ee C:\Users\MRHEND~1\AppData\Local\Temp\cc3xGCc7.o
                0x0000000000000c82                TIMER0_init
                0x0000000000000cb8                TIMER1_init
                0x0000000000000cf4                TIMER0_enuSetSyncDelay
                0x0000000000000dbc                TIMER0_enuSetASyncDelay
                0x0000000000000e58                TIMER0_callBack
                0x0000000000000e78                TIMER1_callBack
                0x0000000000000e88                TIMER0_GeneratePWM
                0x0000000000000e90                TIMER1_SetTimerValue
                0x0000000000000e9a                TIMER1_GetTimerValue
                0x0000000000000eb4                ICU_Init
                0x0000000000000ec6                ICU_enuSetEdge
                0x0000000000000ee6                ICU_enuEnableINT
                0x0000000000000ef2                ICU_enuDisableINT
                0x0000000000000efe                ICU_enuSetCallBack
                0x0000000000000f1e                ICU_enuReadInputCapture
                0x0000000000000f38                __vector_10
                0x0000000000000f92                __vector_11
                0x0000000000000fda                __vector_6
                0x0000000000001034                __vector_7
                0x0000000000001048                __vector_8
                0x000000000000105c                __vector_9
 .text          0x0000000000001070       0x2a C:\Users\MRHEND~1\AppData\Local\Temp\ccq5pplc.o
                0x0000000000001070                WDT_Enable
                0x000000000000107c                WDT_Disable
                0x0000000000001088                WDT_Sleep
 .text          0x000000000000109a      0x17c C:\Users\MRHEND~1\AppData\Local\Temp\ccBKyDnp.o
                0x000000000000109a                KEYPAD_Init
                0x0000000000001140                KEYPAD_GetPressedKey
 .text          0x0000000000001216      0x338 C:\Users\MRHEND~1\AppData\Local\Temp\ccu8UShG.o
                0x000000000000137a                LCD_enuInit
                0x000000000000143c                LCD_enuDisplayChar
                0x0000000000001458                LCD_enuDisplayIntegerNumber
                0x000000000000151a                LCD_enuSendCommand
                0x0000000000001536                LCD_enuClear
                0x0000000000001542                LCD_enuGoHome
 .text          0x000000000000154e        0x0 C:\Users\MRHEND~1\AppData\Local\Temp\cchNXSx2.o
 .text          0x000000000000154e       0xb8 C:\Users\MRHEND~1\AppData\Local\Temp\cc4Ffbxw.o
                0x000000000000154e                LED_enuInit
                0x00000000000015b6                LED_enuSetLedOn
                0x00000000000015de                LED_enuSetLedOff
 .text          0x0000000000001606       0x60 C:\Users\MRHEND~1\AppData\Local\Temp\ccBytzf5.o
                0x0000000000001606                LM35_Init
                0x000000000000160e                LM35_GetTemp
 .text          0x0000000000001666        0x0 C:\Users\MRHEND~1\AppData\Local\Temp\ccm2yLpE.o
 .text          0x0000000000001666      0x426 C:\Users\MRHEND~1\AppData\Local\Temp\cczsFEto.o
                0x0000000000001666                SevenSegement_Init
                0x0000000000001702                SevenSegement_enuDisplayNum
                0x00000000000018d2                SevenSegement_enuEnableCommon
                0x0000000000001908                SevenSegement_enuDisableCommon
                0x000000000000193e                SevenSegement_enuEnableDot
                0x0000000000001974                SevenSegement_enuDisableDot
                0x00000000000019aa                SevenSegement_enuClear
 .text          0x0000000000001a8c        0x0 C:\Users\MRHEND~1\AppData\Local\Temp\cckOiotc.o
 .text          0x0000000000001a8c       0x5a C:\Users\MRHEND~1\AppData\Local\Temp\ccb1l656.o
                0x0000000000001a8c                Switch_enuInit
                0x0000000000001acc                Switch_enuGetState
 .text          0x0000000000001ae6        0x0 c:/avr8-gnu-toolchain-3.7.0.1796-win32.any.x86_64/avr8-gnu-toolchain-win32_x86_64/bin/../lib/gcc/avr/7.3.0/avr5\libgcc.a(_udivmodhi4.o)
 .text          0x0000000000001ae6        0x0 c:/avr8-gnu-toolchain-3.7.0.1796-win32.any.x86_64/avr8-gnu-toolchain-win32_x86_64/bin/../lib/gcc/avr/7.3.0/avr5\libgcc.a(_divmodsi4.o)
 .text          0x0000000000001ae6        0x0 c:/avr8-gnu-toolchain-3.7.0.1796-win32.any.x86_64/avr8-gnu-toolchain-win32_x86_64/bin/../lib/gcc/avr/7.3.0/avr5\libgcc.a(_negsi2.o)
 .text          0x0000000000001ae6        0x0 c:/avr8-gnu-toolchain-3.7.0.1796-win32.any.x86_64/avr8-gnu-toolchain-win32_x86_64/bin/../lib/gcc/avr/7.3.0/avr5\libgcc.a(_exit.o)
 .text          0x0000000000001ae6        0x0 c:/avr8-gnu-toolchain-3.7.0.1796-win32.any.x86_64/avr8-gnu-toolchain-win32_x86_64/bin/../lib/gcc/avr/7.3.0/avr5\libgcc.a(_tablejump2.o)
 .text          0x0000000000001ae6        0x0 c:/avr8-gnu-toolchain-3.7.0.1796-win32.any.x86_64/avr8-gnu-toolchain-win32_x86_64/bin/../lib/gcc/avr/7.3.0/avr5\libgcc.a(_copy_data.o)
 .text          0x0000000000001ae6        0x0 c:/avr8-gnu-toolchain-3.7.0.1796-win32.any.x86_64/avr8-gnu-toolchain-win32_x86_64/bin/../lib/gcc/avr/7.3.0/avr5\libgcc.a(_clear_bss.o)
 .text          0x0000000000001ae6        0x0 c:/avr8-gnu-toolchain-3.7.0.1796-win32.any.x86_64/avr8-gnu-toolchain-win32_x86_64/bin/../lib/gcc/avr/7.3.0/avr5\libgcc.a(_udivmodsi4.o)
 .text          0x0000000000001ae6        0x0 c:/avr8-gnu-toolchain-3.7.0.1796-win32.any.x86_64/avr8-gnu-toolchain-win32_x86_64/bin/../lib/gcc/avr/7.3.0/../../../../avr/lib/avr5\libm.a(addsf3.o)
 .text          0x0000000000001ae6        0x0 c:/avr8-gnu-toolchain-3.7.0.1796-win32.any.x86_64/avr8-gnu-toolchain-win32_x86_64/bin/../lib/gcc/avr/7.3.0/../../../../avr/lib/avr5\libm.a(addsf3x.o)
 .text          0x0000000000001ae6        0x0 c:/avr8-gnu-toolchain-3.7.0.1796-win32.any.x86_64/avr8-gnu-toolchain-win32_x86_64/bin/../lib/gcc/avr/7.3.0/../../../../avr/lib/avr5\libm.a(cmpsf2.o)
 .text          0x0000000000001ae6        0x0 c:/avr8-gnu-toolchain-3.7.0.1796-win32.any.x86_64/avr8-gnu-toolchain-win32_x86_64/bin/../lib/gcc/avr/7.3.0/../../../../avr/lib/avr5\libm.a(divsf3.o)
 .text          0x0000000000001ae6        0x0 c:/avr8-gnu-toolchain-3.7.0.1796-win32.any.x86_64/avr8-gnu-toolchain-win32_x86_64/bin/../lib/gcc/avr/7.3.0/../../../../avr/lib/avr5\libm.a(divsf3x.o)
 .text          0x0000000000001ae6        0x0 c:/avr8-gnu-toolchain-3.7.0.1796-win32.any.x86_64/avr8-gnu-toolchain-win32_x86_64/bin/../lib/gcc/avr/7.3.0/../../../../avr/lib/avr5\libm.a(fixunssfsi.o)
 .text          0x0000000000001ae6        0x0 c:/avr8-gnu-toolchain-3.7.0.1796-win32.any.x86_64/avr8-gnu-toolchain-win32_x86_64/bin/../lib/gcc/avr/7.3.0/../../../../avr/lib/avr5\libm.a(floatsisf.o)
 .text          0x0000000000001ae6        0x0 c:/avr8-gnu-toolchain-3.7.0.1796-win32.any.x86_64/avr8-gnu-toolchain-win32_x86_64/bin/../lib/gcc/avr/7.3.0/../../../../avr/lib/avr5\libm.a(fp_cmp.o)
 .text          0x0000000000001ae6        0x0 c:/avr8-gnu-toolchain-3.7.0.1796-win32.any.x86_64/avr8-gnu-toolchain-win32_x86_64/bin/../lib/gcc/avr/7.3.0/../../../../avr/lib/avr5\libm.a(fp_inf.o)
 .text          0x0000000000001ae6        0x0 c:/avr8-gnu-toolchain-3.7.0.1796-win32.any.x86_64/avr8-gnu-toolchain-win32_x86_64/bin/../lib/gcc/avr/7.3.0/../../../../avr/lib/avr5\libm.a(fp_nan.o)
 .text          0x0000000000001ae6        0x0 c:/avr8-gnu-toolchain-3.7.0.1796-win32.any.x86_64/avr8-gnu-toolchain-win32_x86_64/bin/../lib/gcc/avr/7.3.0/../../../../avr/lib/avr5\libm.a(fp_pscA.o)
 .text          0x0000000000001ae6        0x0 c:/avr8-gnu-toolchain-3.7.0.1796-win32.any.x86_64/avr8-gnu-toolchain-win32_x86_64/bin/../lib/gcc/avr/7.3.0/../../../../avr/lib/avr5\libm.a(fp_pscB.o)
 .text          0x0000000000001ae6        0x0 c:/avr8-gnu-toolchain-3.7.0.1796-win32.any.x86_64/avr8-gnu-toolchain-win32_x86_64/bin/../lib/gcc/avr/7.3.0/../../../../avr/lib/avr5\libm.a(fp_round.o)
 .text          0x0000000000001ae6        0x0 c:/avr8-gnu-toolchain-3.7.0.1796-win32.any.x86_64/avr8-gnu-toolchain-win32_x86_64/bin/../lib/gcc/avr/7.3.0/../../../../avr/lib/avr5\libm.a(fp_split3.o)
 .text          0x0000000000001ae6        0x0 c:/avr8-gnu-toolchain-3.7.0.1796-win32.any.x86_64/avr8-gnu-toolchain-win32_x86_64/bin/../lib/gcc/avr/7.3.0/../../../../avr/lib/avr5\libm.a(fp_zero.o)
 .text          0x0000000000001ae6        0x0 c:/avr8-gnu-toolchain-3.7.0.1796-win32.any.x86_64/avr8-gnu-toolchain-win32_x86_64/bin/../lib/gcc/avr/7.3.0/../../../../avr/lib/avr5\libm.a(mulsf3.o)
 .text          0x0000000000001ae6        0x0 c:/avr8-gnu-toolchain-3.7.0.1796-win32.any.x86_64/avr8-gnu-toolchain-win32_x86_64/bin/../lib/gcc/avr/7.3.0/../../../../avr/lib/avr5\libm.a(mulsf3x.o)
                0x0000000000001ae6                . = ALIGN (0x2)
 *(.text.*)
 .text.startup  0x0000000000001ae6        0xa C:\Users\MRHEND~1\AppData\Local\Temp\cciwZqPy.o
                0x0000000000001ae6                main
 .text.libgcc.mul
                0x0000000000001af0        0x0 c:/avr8-gnu-toolchain-3.7.0.1796-win32.any.x86_64/avr8-gnu-toolchain-win32_x86_64/bin/../lib/gcc/avr/7.3.0/avr5\libgcc.a(_udivmodhi4.o)
 .text.libgcc.div
                0x0000000000001af0       0x28 c:/avr8-gnu-toolchain-3.7.0.1796-win32.any.x86_64/avr8-gnu-toolchain-win32_x86_64/bin/../lib/gcc/avr/7.3.0/avr5\libgcc.a(_udivmodhi4.o)
                0x0000000000001af0                __udivmodhi4
 .text.libgcc   0x0000000000001b18        0x0 c:/avr8-gnu-toolchain-3.7.0.1796-win32.any.x86_64/avr8-gnu-toolchain-win32_x86_64/bin/../lib/gcc/avr/7.3.0/avr5\libgcc.a(_udivmodhi4.o)
 .text.libgcc.prologue
                0x0000000000001b18        0x0 c:/avr8-gnu-toolchain-3.7.0.1796-win32.any.x86_64/avr8-gnu-toolchain-win32_x86_64/bin/../lib/gcc/avr/7.3.0/avr5\libgcc.a(_udivmodhi4.o)
 .text.libgcc.builtins
                0x0000000000001b18        0x0 c:/avr8-gnu-toolchain-3.7.0.1796-win32.any.x86_64/avr8-gnu-toolchain-win32_x86_64/bin/../lib/gcc/avr/7.3.0/avr5\libgcc.a(_udivmodhi4.o)
 .text.libgcc.fmul
                0x0000000000001b18        0x0 c:/avr8-gnu-toolchain-3.7.0.1796-win32.any.x86_64/avr8-gnu-toolchain-win32_x86_64/bin/../lib/gcc/avr/7.3.0/avr5\libgcc.a(_udivmodhi4.o)
 .text.libgcc.fixed
                0x0000000000001b18        0x0 c:/avr8-gnu-toolchain-3.7.0.1796-win32.any.x86_64/avr8-gnu-toolchain-win32_x86_64/bin/../lib/gcc/avr/7.3.0/avr5\libgcc.a(_udivmodhi4.o)
 .text.libgcc.mul
                0x0000000000001b18        0x0 c:/avr8-gnu-toolchain-3.7.0.1796-win32.any.x86_64/avr8-gnu-toolchain-win32_x86_64/bin/../lib/gcc/avr/7.3.0/avr5\libgcc.a(_divmodsi4.o)
 .text.libgcc.div
                0x0000000000001b18       0x2e c:/avr8-gnu-toolchain-3.7.0.1796-win32.any.x86_64/avr8-gnu-toolchain-win32_x86_64/bin/../lib/gcc/avr/7.3.0/avr5\libgcc.a(_divmodsi4.o)
                0x0000000000001b18                __divmodsi4
 .text.libgcc   0x0000000000001b46        0x0 c:/avr8-gnu-toolchain-3.7.0.1796-win32.any.x86_64/avr8-gnu-toolchain-win32_x86_64/bin/../lib/gcc/avr/7.3.0/avr5\libgcc.a(_divmodsi4.o)
 .text.libgcc.prologue
                0x0000000000001b46        0x0 c:/avr8-gnu-toolchain-3.7.0.1796-win32.any.x86_64/avr8-gnu-toolchain-win32_x86_64/bin/../lib/gcc/avr/7.3.0/avr5\libgcc.a(_divmodsi4.o)
 .text.libgcc.builtins
                0x0000000000001b46        0x0 c:/avr8-gnu-toolchain-3.7.0.1796-win32.any.x86_64/avr8-gnu-toolchain-win32_x86_64/bin/../lib/gcc/avr/7.3.0/avr5\libgcc.a(_divmodsi4.o)
 .text.libgcc.fmul
                0x0000000000001b46        0x0 c:/avr8-gnu-toolchain-3.7.0.1796-win32.any.x86_64/avr8-gnu-toolchain-win32_x86_64/bin/../lib/gcc/avr/7.3.0/avr5\libgcc.a(_divmodsi4.o)
 .text.libgcc.fixed
                0x0000000000001b46        0x0 c:/avr8-gnu-toolchain-3.7.0.1796-win32.any.x86_64/avr8-gnu-toolchain-win32_x86_64/bin/../lib/gcc/avr/7.3.0/avr5\libgcc.a(_divmodsi4.o)
 .text.libgcc.mul
                0x0000000000001b46        0x0 c:/avr8-gnu-toolchain-3.7.0.1796-win32.any.x86_64/avr8-gnu-toolchain-win32_x86_64/bin/../lib/gcc/avr/7.3.0/avr5\libgcc.a(_negsi2.o)
 .text.libgcc.div
                0x0000000000001b46       0x10 c:/avr8-gnu-toolchain-3.7.0.1796-win32.any.x86_64/avr8-gnu-toolchain-win32_x86_64/bin/../lib/gcc/avr/7.3.0/avr5\libgcc.a(_negsi2.o)
                0x0000000000001b46                __negsi2
 .text.libgcc   0x0000000000001b56        0x0 c:/avr8-gnu-toolchain-3.7.0.1796-win32.any.x86_64/avr8-gnu-toolchain-win32_x86_64/bin/../lib/gcc/avr/7.3.0/avr5\libgcc.a(_negsi2.o)
 .text.libgcc.prologue
                0x0000000000001b56        0x0 c:/avr8-gnu-toolchain-3.7.0.1796-win32.any.x86_64/avr8-gnu-toolchain-win32_x86_64/bin/../lib/gcc/avr/7.3.0/avr5\libgcc.a(_negsi2.o)
 .text.libgcc.builtins
                0x0000000000001b56        0x0 c:/avr8-gnu-toolchain-3.7.0.1796-win32.any.x86_64/avr8-gnu-toolchain-win32_x86_64/bin/../lib/gcc/avr/7.3.0/avr5\libgcc.a(_negsi2.o)
 .text.libgcc.fmul
                0x0000000000001b56        0x0 c:/avr8-gnu-toolchain-3.7.0.1796-win32.any.x86_64/avr8-gnu-toolchain-win32_x86_64/bin/../lib/gcc/avr/7.3.0/avr5\libgcc.a(_negsi2.o)
 .text.libgcc.fixed
                0x0000000000001b56        0x0 c:/avr8-gnu-toolchain-3.7.0.1796-win32.any.x86_64/avr8-gnu-toolchain-win32_x86_64/bin/../lib/gcc/avr/7.3.0/avr5\libgcc.a(_negsi2.o)
 .text.libgcc.mul
                0x0000000000001b56        0x0 c:/avr8-gnu-toolchain-3.7.0.1796-win32.any.x86_64/avr8-gnu-toolchain-win32_x86_64/bin/../lib/gcc/avr/7.3.0/avr5\libgcc.a(_exit.o)
 .text.libgcc.div
                0x0000000000001b56        0x0 c:/avr8-gnu-toolchain-3.7.0.1796-win32.any.x86_64/avr8-gnu-toolchain-win32_x86_64/bin/../lib/gcc/avr/7.3.0/avr5\libgcc.a(_exit.o)
 .text.libgcc   0x0000000000001b56        0x0 c:/avr8-gnu-toolchain-3.7.0.1796-win32.any.x86_64/avr8-gnu-toolchain-win32_x86_64/bin/../lib/gcc/avr/7.3.0/avr5\libgcc.a(_exit.o)
 .text.libgcc.prologue
                0x0000000000001b56        0x0 c:/avr8-gnu-toolchain-3.7.0.1796-win32.any.x86_64/avr8-gnu-toolchain-win32_x86_64/bin/../lib/gcc/avr/7.3.0/avr5\libgcc.a(_exit.o)
 .text.libgcc.builtins
                0x0000000000001b56        0x0 c:/avr8-gnu-toolchain-3.7.0.1796-win32.any.x86_64/avr8-gnu-toolchain-win32_x86_64/bin/../lib/gcc/avr/7.3.0/avr5\libgcc.a(_exit.o)
 .text.libgcc.fmul
                0x0000000000001b56        0x0 c:/avr8-gnu-toolchain-3.7.0.1796-win32.any.x86_64/avr8-gnu-toolchain-win32_x86_64/bin/../lib/gcc/avr/7.3.0/avr5\libgcc.a(_exit.o)
 .text.libgcc.fixed
                0x0000000000001b56        0x0 c:/avr8-gnu-toolchain-3.7.0.1796-win32.any.x86_64/avr8-gnu-toolchain-win32_x86_64/bin/../lib/gcc/avr/7.3.0/avr5\libgcc.a(_exit.o)
 .text.libgcc.mul
                0x0000000000001b56        0x0 c:/avr8-gnu-toolchain-3.7.0.1796-win32.any.x86_64/avr8-gnu-toolchain-win32_x86_64/bin/../lib/gcc/avr/7.3.0/avr5\libgcc.a(_tablejump2.o)
 .text.libgcc.div
                0x0000000000001b56        0x0 c:/avr8-gnu-toolchain-3.7.0.1796-win32.any.x86_64/avr8-gnu-toolchain-win32_x86_64/bin/../lib/gcc/avr/7.3.0/avr5\libgcc.a(_tablejump2.o)
 .text.libgcc   0x0000000000001b56        0xc c:/avr8-gnu-toolchain-3.7.0.1796-win32.any.x86_64/avr8-gnu-toolchain-win32_x86_64/bin/../lib/gcc/avr/7.3.0/avr5\libgcc.a(_tablejump2.o)
                0x0000000000001b56                __tablejump2__
 .text.libgcc.prologue
                0x0000000000001b62        0x0 c:/avr8-gnu-toolchain-3.7.0.1796-win32.any.x86_64/avr8-gnu-toolchain-win32_x86_64/bin/../lib/gcc/avr/7.3.0/avr5\libgcc.a(_tablejump2.o)
 .text.libgcc.builtins
                0x0000000000001b62        0x0 c:/avr8-gnu-toolchain-3.7.0.1796-win32.any.x86_64/avr8-gnu-toolchain-win32_x86_64/bin/../lib/gcc/avr/7.3.0/avr5\libgcc.a(_tablejump2.o)
 .text.libgcc.fmul
                0x0000000000001b62        0x0 c:/avr8-gnu-toolchain-3.7.0.1796-win32.any.x86_64/avr8-gnu-toolchain-win32_x86_64/bin/../lib/gcc/avr/7.3.0/avr5\libgcc.a(_tablejump2.o)
 .text.libgcc.fixed
                0x0000000000001b62        0x0 c:/avr8-gnu-toolchain-3.7.0.1796-win32.any.x86_64/avr8-gnu-toolchain-win32_x86_64/bin/../lib/gcc/avr/7.3.0/avr5\libgcc.a(_tablejump2.o)
 .text.libgcc.mul
                0x0000000000001b62        0x0 c:/avr8-gnu-toolchain-3.7.0.1796-win32.any.x86_64/avr8-gnu-toolchain-win32_x86_64/bin/../lib/gcc/avr/7.3.0/avr5\libgcc.a(_copy_data.o)
 .text.libgcc.div
                0x0000000000001b62        0x0 c:/avr8-gnu-toolchain-3.7.0.1796-win32.any.x86_64/avr8-gnu-toolchain-win32_x86_64/bin/../lib/gcc/avr/7.3.0/avr5\libgcc.a(_copy_data.o)
 .text.libgcc   0x0000000000001b62        0x0 c:/avr8-gnu-toolchain-3.7.0.1796-win32.any.x86_64/avr8-gnu-toolchain-win32_x86_64/bin/../lib/gcc/avr/7.3.0/avr5\libgcc.a(_copy_data.o)
 .text.libgcc.prologue
                0x0000000000001b62        0x0 c:/avr8-gnu-toolchain-3.7.0.1796-win32.any.x86_64/avr8-gnu-toolchain-win32_x86_64/bin/../lib/gcc/avr/7.3.0/avr5\libgcc.a(_copy_data.o)
 .text.libgcc.builtins
                0x0000000000001b62        0x0 c:/avr8-gnu-toolchain-3.7.0.1796-win32.any.x86_64/avr8-gnu-toolchain-win32_x86_64/bin/../lib/gcc/avr/7.3.0/avr5\libgcc.a(_copy_data.o)
 .text.libgcc.fmul
                0x0000000000001b62        0x0 c:/avr8-gnu-toolchain-3.7.0.1796-win32.any.x86_64/avr8-gnu-toolchain-win32_x86_64/bin/../lib/gcc/avr/7.3.0/avr5\libgcc.a(_copy_data.o)
 .text.libgcc.fixed
                0x0000000000001b62        0x0 c:/avr8-gnu-toolchain-3.7.0.1796-win32.any.x86_64/avr8-gnu-toolchain-win32_x86_64/bin/../lib/gcc/avr/7.3.0/avr5\libgcc.a(_copy_data.o)
 .text.libgcc.mul
                0x0000000000001b62        0x0 c:/avr8-gnu-toolchain-3.7.0.1796-win32.any.x86_64/avr8-gnu-toolchain-win32_x86_64/bin/../lib/gcc/avr/7.3.0/avr5\libgcc.a(_clear_bss.o)
 .text.libgcc.div
                0x0000000000001b62        0x0 c:/avr8-gnu-toolchain-3.7.0.1796-win32.any.x86_64/avr8-gnu-toolchain-win32_x86_64/bin/../lib/gcc/avr/7.3.0/avr5\libgcc.a(_clear_bss.o)
 .text.libgcc   0x0000000000001b62        0x0 c:/avr8-gnu-toolchain-3.7.0.1796-win32.any.x86_64/avr8-gnu-toolchain-win32_x86_64/bin/../lib/gcc/avr/7.3.0/avr5\libgcc.a(_clear_bss.o)
 .text.libgcc.prologue
                0x0000000000001b62        0x0 c:/avr8-gnu-toolchain-3.7.0.1796-win32.any.x86_64/avr8-gnu-toolchain-win32_x86_64/bin/../lib/gcc/avr/7.3.0/avr5\libgcc.a(_clear_bss.o)
 .text.libgcc.builtins
                0x0000000000001b62        0x0 c:/avr8-gnu-toolchain-3.7.0.1796-win32.any.x86_64/avr8-gnu-toolchain-win32_x86_64/bin/../lib/gcc/avr/7.3.0/avr5\libgcc.a(_clear_bss.o)
 .text.libgcc.fmul
                0x0000000000001b62        0x0 c:/avr8-gnu-toolchain-3.7.0.1796-win32.any.x86_64/avr8-gnu-toolchain-win32_x86_64/bin/../lib/gcc/avr/7.3.0/avr5\libgcc.a(_clear_bss.o)
 .text.libgcc.fixed
                0x0000000000001b62        0x0 c:/avr8-gnu-toolchain-3.7.0.1796-win32.any.x86_64/avr8-gnu-toolchain-win32_x86_64/bin/../lib/gcc/avr/7.3.0/avr5\libgcc.a(_clear_bss.o)
 .text.libgcc.mul
                0x0000000000001b62        0x0 c:/avr8-gnu-toolchain-3.7.0.1796-win32.any.x86_64/avr8-gnu-toolchain-win32_x86_64/bin/../lib/gcc/avr/7.3.0/avr5\libgcc.a(_udivmodsi4.o)
 .text.libgcc.div
                0x0000000000001b62       0x44 c:/avr8-gnu-toolchain-3.7.0.1796-win32.any.x86_64/avr8-gnu-toolchain-win32_x86_64/bin/../lib/gcc/avr/7.3.0/avr5\libgcc.a(_udivmodsi4.o)
                0x0000000000001b62                __udivmodsi4
 .text.libgcc   0x0000000000001ba6        0x0 c:/avr8-gnu-toolchain-3.7.0.1796-win32.any.x86_64/avr8-gnu-toolchain-win32_x86_64/bin/../lib/gcc/avr/7.3.0/avr5\libgcc.a(_udivmodsi4.o)
 .text.libgcc.prologue
                0x0000000000001ba6        0x0 c:/avr8-gnu-toolchain-3.7.0.1796-win32.any.x86_64/avr8-gnu-toolchain-win32_x86_64/bin/../lib/gcc/avr/7.3.0/avr5\libgcc.a(_udivmodsi4.o)
 .text.libgcc.builtins
                0x0000000000001ba6        0x0 c:/avr8-gnu-toolchain-3.7.0.1796-win32.any.x86_64/avr8-gnu-toolchain-win32_x86_64/bin/../lib/gcc/avr/7.3.0/avr5\libgcc.a(_udivmodsi4.o)
 .text.libgcc.fmul
                0x0000000000001ba6        0x0 c:/avr8-gnu-toolchain-3.7.0.1796-win32.any.x86_64/avr8-gnu-toolchain-win32_x86_64/bin/../lib/gcc/avr/7.3.0/avr5\libgcc.a(_udivmodsi4.o)
 .text.libgcc.fixed
                0x0000000000001ba6        0x0 c:/avr8-gnu-toolchain-3.7.0.1796-win32.any.x86_64/avr8-gnu-toolchain-win32_x86_64/bin/../lib/gcc/avr/7.3.0/avr5\libgcc.a(_udivmodsi4.o)
 .text.avr-libc.fplib
                0x0000000000001ba6        0xe c:/avr8-gnu-toolchain-3.7.0.1796-win32.any.x86_64/avr8-gnu-toolchain-win32_x86_64/bin/../lib/gcc/avr/7.3.0/../../../../avr/lib/avr5\libm.a(addsf3.o)
                0x0000000000001ba6                __subsf3
                0x0000000000001ba8                __addsf3
 .text.avr-libc.fplib
                0x0000000000001bb4       0xcc c:/avr8-gnu-toolchain-3.7.0.1796-win32.any.x86_64/avr8-gnu-toolchain-win32_x86_64/bin/../lib/gcc/avr/7.3.0/../../../../avr/lib/avr5\libm.a(addsf3x.o)
                0x0000000000001bd6                __addsf3x
 .text.avr-libc.fplib
                0x0000000000001c80        0xa c:/avr8-gnu-toolchain-3.7.0.1796-win32.any.x86_64/avr8-gnu-toolchain-win32_x86_64/bin/../lib/gcc/avr/7.3.0/../../../../avr/lib/avr5\libm.a(cmpsf2.o)
                0x0000000000001c80                __nesf2
                0x0000000000001c80                __eqsf2
                0x0000000000001c80                __cmpsf2
                0x0000000000001c80                __ltsf2
                0x0000000000001c80                __lesf2
 .text.avr-libc.fplib
                0x0000000000001c8a        0x8 c:/avr8-gnu-toolchain-3.7.0.1796-win32.any.x86_64/avr8-gnu-toolchain-win32_x86_64/bin/../lib/gcc/avr/7.3.0/../../../../avr/lib/avr5\libm.a(divsf3.o)
                0x0000000000001c8a                __divsf3
 .text.avr-libc.fplib
                0x0000000000001c92       0xdc c:/avr8-gnu-toolchain-3.7.0.1796-win32.any.x86_64/avr8-gnu-toolchain-win32_x86_64/bin/../lib/gcc/avr/7.3.0/../../../../avr/lib/avr5\libm.a(divsf3x.o)
                0x0000000000001cb2                __divsf3x
                0x0000000000001cb8                __divsf3_pse
 .text.avr-libc.fplib
                0x0000000000001d6e       0x5e c:/avr8-gnu-toolchain-3.7.0.1796-win32.any.x86_64/avr8-gnu-toolchain-win32_x86_64/bin/../lib/gcc/avr/7.3.0/../../../../avr/lib/avr5\libm.a(fixunssfsi.o)
                0x0000000000001d6e                __fixunssfsi
 .text.avr-libc.fplib
                0x0000000000001dcc       0x7a c:/avr8-gnu-toolchain-3.7.0.1796-win32.any.x86_64/avr8-gnu-toolchain-win32_x86_64/bin/../lib/gcc/avr/7.3.0/../../../../avr/lib/avr5\libm.a(floatsisf.o)
                0x0000000000001dcc                __floatunsisf
                0x0000000000001dd0                __floatsisf
 .text.avr-libc.fplib
                0x0000000000001e46       0x48 c:/avr8-gnu-toolchain-3.7.0.1796-win32.any.x86_64/avr8-gnu-toolchain-win32_x86_64/bin/../lib/gcc/avr/7.3.0/../../../../avr/lib/avr5\libm.a(fp_cmp.o)
                0x0000000000001e46                __fp_cmp
 .text.avr-libc.fplib
                0x0000000000001e8e        0xc c:/avr8-gnu-toolchain-3.7.0.1796-win32.any.x86_64/avr8-gnu-toolchain-win32_x86_64/bin/../lib/gcc/avr/7.3.0/../../../../avr/lib/avr5\libm.a(fp_inf.o)
                0x0000000000001e8e                __fp_inf
 .text.avr-libc.fplib
                0x0000000000001e9a        0x6 c:/avr8-gnu-toolchain-3.7.0.1796-win32.any.x86_64/avr8-gnu-toolchain-win32_x86_64/bin/../lib/gcc/avr/7.3.0/../../../../avr/lib/avr5\libm.a(fp_nan.o)
                0x0000000000001e9a                __fp_nan
 .text.avr-libc.fplib
                0x0000000000001ea0        0xe c:/avr8-gnu-toolchain-3.7.0.1796-win32.any.x86_64/avr8-gnu-toolchain-win32_x86_64/bin/../lib/gcc/avr/7.3.0/../../../../avr/lib/avr5\libm.a(fp_pscA.o)
                0x0000000000001ea0                __fp_pscA
 .text.avr-libc.fplib
                0x0000000000001eae        0xe c:/avr8-gnu-toolchain-3.7.0.1796-win32.any.x86_64/avr8-gnu-toolchain-win32_x86_64/bin/../lib/gcc/avr/7.3.0/../../../../avr/lib/avr5\libm.a(fp_pscB.o)
                0x0000000000001eae                __fp_pscB
 .text.avr-libc.fplib
                0x0000000000001ebc       0x22 c:/avr8-gnu-toolchain-3.7.0.1796-win32.any.x86_64/avr8-gnu-toolchain-win32_x86_64/bin/../lib/gcc/avr/7.3.0/../../../../avr/lib/avr5\libm.a(fp_round.o)
                0x0000000000001ebc                __fp_round
 .text.avr-libc.fplib
                0x0000000000001ede       0x44 c:/avr8-gnu-toolchain-3.7.0.1796-win32.any.x86_64/avr8-gnu-toolchain-win32_x86_64/bin/../lib/gcc/avr/7.3.0/../../../../avr/lib/avr5\libm.a(fp_split3.o)
                0x0000000000001ede                __fp_split3
                0x0000000000001eee                __fp_splitA
 .text.avr-libc.fplib
                0x0000000000001f22        0xe c:/avr8-gnu-toolchain-3.7.0.1796-win32.any.x86_64/avr8-gnu-toolchain-win32_x86_64/bin/../lib/gcc/avr/7.3.0/../../../../avr/lib/avr5\libm.a(fp_zero.o)
                0x0000000000001f22                __fp_zero
                0x0000000000001f24                __fp_szero
 .text.avr-libc.fplib
                0x0000000000001f30        0x8 c:/avr8-gnu-toolchain-3.7.0.1796-win32.any.x86_64/avr8-gnu-toolchain-win32_x86_64/bin/../lib/gcc/avr/7.3.0/../../../../avr/lib/avr5\libm.a(mulsf3.o)
                0x0000000000001f30                __mulsf3
 .text.avr-libc.fplib
                0x0000000000001f38       0xd2 c:/avr8-gnu-toolchain-3.7.0.1796-win32.any.x86_64/avr8-gnu-toolchain-win32_x86_64/bin/../lib/gcc/avr/7.3.0/../../../../avr/lib/avr5\libm.a(mulsf3x.o)
                0x0000000000001f56                __mulsf3x
                0x0000000000001f5c                __mulsf3_pse
                0x000000000000200a                . = ALIGN (0x2)
 *(.fini9)
 .fini9         0x000000000000200a        0x0 c:/avr8-gnu-toolchain-3.7.0.1796-win32.any.x86_64/avr8-gnu-toolchain-win32_x86_64/bin/../lib/gcc/avr/7.3.0/avr5\libgcc.a(_exit.o)
                0x000000000000200a                _exit
                0x000000000000200a                exit
 *(.fini9)
 *(.fini8)
 *(.fini8)
 *(.fini7)
 *(.fini7)
 *(.fini6)
 *(.fini6)
 *(.fini5)
 *(.fini5)
 *(.fini4)
 *(.fini4)
 *(.fini3)
 *(.fini3)
 *(.fini2)
 *(.fini2)
 *(.fini1)
 *(.fini1)
 *(.fini0)
 .fini0         0x000000000000200a        0x4 c:/avr8-gnu-toolchain-3.7.0.1796-win32.any.x86_64/avr8-gnu-toolchain-win32_x86_64/bin/../lib/gcc/avr/7.3.0/avr5\libgcc.a(_exit.o)
 *(.fini0)
                0x000000000000200e                _etext = .

.data           0x0000000000800060       0x64 load address 0x000000000000200e
                0x0000000000800060                PROVIDE (__data_start, .)
 *(.data)
 .data          0x0000000000800060        0x0 c:/avr8-gnu-toolchain-3.7.0.1796-win32.any.x86_64/avr8-gnu-toolchain-win32_x86_64/bin/../lib/gcc/avr/7.3.0/../../../../avr/lib/avr5/crtatmega32.o
 .data          0x0000000000800060        0x0 C:\Users\MRHEND~1\AppData\Local\Temp\ccmi50R1.o
 .data          0x0000000000800060        0x0 C:\Users\MRHEND~1\AppData\Local\Temp\cciwZqPy.o
 .data          0x0000000000800060        0x0 C:\Users\MRHEND~1\AppData\Local\Temp\ccYT4HVg.o
 .data          0x0000000000800060        0x0 C:\Users\MRHEND~1\AppData\Local\Temp\ccU557i6.o
 .data          0x0000000000800060        0x6 C:\Users\MRHEND~1\AppData\Local\Temp\cc67hK5V.o
                0x0000000000800060                EXTI_tConfig
 .data          0x0000000000800066        0x0 C:\Users\MRHEND~1\AppData\Local\Temp\ccmcMlhX.o
 .data          0x0000000000800066        0x0 C:\Users\MRHEND~1\AppData\Local\Temp\ccALAF02.o
 .data          0x0000000000800066        0x0 C:\Users\MRHEND~1\AppData\Local\Temp\cc3xGCc7.o
 .data          0x0000000000800066        0x0 C:\Users\MRHEND~1\AppData\Local\Temp\ccq5pplc.o
 .data          0x0000000000800066        0x0 C:\Users\MRHEND~1\AppData\Local\Temp\ccBKyDnp.o
 .data          0x0000000000800066        0x0 C:\Users\MRHEND~1\AppData\Local\Temp\ccu8UShG.o
 .data          0x0000000000800066        0xc C:\Users\MRHEND~1\AppData\Local\Temp\cchNXSx2.o
                0x0000000000800066                LED_AstrLEDState
 .data          0x0000000000800072        0x0 C:\Users\MRHEND~1\AppData\Local\Temp\cc4Ffbxw.o
 .data          0x0000000000800072        0x0 C:\Users\MRHEND~1\AppData\Local\Temp\ccBytzf5.o
 .data          0x0000000000800072       0x26 C:\Users\MRHEND~1\AppData\Local\Temp\ccm2yLpE.o
                0x0000000000800072                SS_LT_AstrConfig
 .data          0x0000000000800098        0x0 C:\Users\MRHEND~1\AppData\Local\Temp\cczsFEto.o
 .data          0x0000000000800098        0x9 C:\Users\MRHEND~1\AppData\Local\Temp\cckOiotc.o
                0x0000000000800098                Switch_AstrSwitchState
 .data          0x00000000008000a1        0x0 C:\Users\MRHEND~1\AppData\Local\Temp\ccb1l656.o
 .data          0x00000000008000a1        0x0 c:/avr8-gnu-toolchain-3.7.0.1796-win32.any.x86_64/avr8-gnu-toolchain-win32_x86_64/bin/../lib/gcc/avr/7.3.0/avr5\libgcc.a(_udivmodhi4.o)
 .data          0x00000000008000a1        0x0 c:/avr8-gnu-toolchain-3.7.0.1796-win32.any.x86_64/avr8-gnu-toolchain-win32_x86_64/bin/../lib/gcc/avr/7.3.0/avr5\libgcc.a(_divmodsi4.o)
 .data          0x00000000008000a1        0x0 c:/avr8-gnu-toolchain-3.7.0.1796-win32.any.x86_64/avr8-gnu-toolchain-win32_x86_64/bin/../lib/gcc/avr/7.3.0/avr5\libgcc.a(_negsi2.o)
 .data          0x00000000008000a1        0x0 c:/avr8-gnu-toolchain-3.7.0.1796-win32.any.x86_64/avr8-gnu-toolchain-win32_x86_64/bin/../lib/gcc/avr/7.3.0/avr5\libgcc.a(_exit.o)
 .data          0x00000000008000a1        0x0 c:/avr8-gnu-toolchain-3.7.0.1796-win32.any.x86_64/avr8-gnu-toolchain-win32_x86_64/bin/../lib/gcc/avr/7.3.0/avr5\libgcc.a(_tablejump2.o)
 .data          0x00000000008000a1        0x0 c:/avr8-gnu-toolchain-3.7.0.1796-win32.any.x86_64/avr8-gnu-toolchain-win32_x86_64/bin/../lib/gcc/avr/7.3.0/avr5\libgcc.a(_copy_data.o)
 .data          0x00000000008000a1        0x0 c:/avr8-gnu-toolchain-3.7.0.1796-win32.any.x86_64/avr8-gnu-toolchain-win32_x86_64/bin/../lib/gcc/avr/7.3.0/avr5\libgcc.a(_clear_bss.o)
 .data          0x00000000008000a1        0x0 c:/avr8-gnu-toolchain-3.7.0.1796-win32.any.x86_64/avr8-gnu-toolchain-win32_x86_64/bin/../lib/gcc/avr/7.3.0/avr5\libgcc.a(_udivmodsi4.o)
 .data          0x00000000008000a1        0x0 c:/avr8-gnu-toolchain-3.7.0.1796-win32.any.x86_64/avr8-gnu-toolchain-win32_x86_64/bin/../lib/gcc/avr/7.3.0/../../../../avr/lib/avr5\libm.a(addsf3.o)
 .data          0x00000000008000a1        0x0 c:/avr8-gnu-toolchain-3.7.0.1796-win32.any.x86_64/avr8-gnu-toolchain-win32_x86_64/bin/../lib/gcc/avr/7.3.0/../../../../avr/lib/avr5\libm.a(addsf3x.o)
 .data          0x00000000008000a1        0x0 c:/avr8-gnu-toolchain-3.7.0.1796-win32.any.x86_64/avr8-gnu-toolchain-win32_x86_64/bin/../lib/gcc/avr/7.3.0/../../../../avr/lib/avr5\libm.a(cmpsf2.o)
 .data          0x00000000008000a1        0x0 c:/avr8-gnu-toolchain-3.7.0.1796-win32.any.x86_64/avr8-gnu-toolchain-win32_x86_64/bin/../lib/gcc/avr/7.3.0/../../../../avr/lib/avr5\libm.a(divsf3.o)
 .data          0x00000000008000a1        0x0 c:/avr8-gnu-toolchain-3.7.0.1796-win32.any.x86_64/avr8-gnu-toolchain-win32_x86_64/bin/../lib/gcc/avr/7.3.0/../../../../avr/lib/avr5\libm.a(divsf3x.o)
 .data          0x00000000008000a1        0x0 c:/avr8-gnu-toolchain-3.7.0.1796-win32.any.x86_64/avr8-gnu-toolchain-win32_x86_64/bin/../lib/gcc/avr/7.3.0/../../../../avr/lib/avr5\libm.a(fixunssfsi.o)
 .data          0x00000000008000a1        0x0 c:/avr8-gnu-toolchain-3.7.0.1796-win32.any.x86_64/avr8-gnu-toolchain-win32_x86_64/bin/../lib/gcc/avr/7.3.0/../../../../avr/lib/avr5\libm.a(floatsisf.o)
 .data          0x00000000008000a1        0x0 c:/avr8-gnu-toolchain-3.7.0.1796-win32.any.x86_64/avr8-gnu-toolchain-win32_x86_64/bin/../lib/gcc/avr/7.3.0/../../../../avr/lib/avr5\libm.a(fp_cmp.o)
 .data          0x00000000008000a1        0x0 c:/avr8-gnu-toolchain-3.7.0.1796-win32.any.x86_64/avr8-gnu-toolchain-win32_x86_64/bin/../lib/gcc/avr/7.3.0/../../../../avr/lib/avr5\libm.a(fp_inf.o)
 .data          0x00000000008000a1        0x0 c:/avr8-gnu-toolchain-3.7.0.1796-win32.any.x86_64/avr8-gnu-toolchain-win32_x86_64/bin/../lib/gcc/avr/7.3.0/../../../../avr/lib/avr5\libm.a(fp_nan.o)
 .data          0x00000000008000a1        0x0 c:/avr8-gnu-toolchain-3.7.0.1796-win32.any.x86_64/avr8-gnu-toolchain-win32_x86_64/bin/../lib/gcc/avr/7.3.0/../../../../avr/lib/avr5\libm.a(fp_pscA.o)
 .data          0x00000000008000a1        0x0 c:/avr8-gnu-toolchain-3.7.0.1796-win32.any.x86_64/avr8-gnu-toolchain-win32_x86_64/bin/../lib/gcc/avr/7.3.0/../../../../avr/lib/avr5\libm.a(fp_pscB.o)
 .data          0x00000000008000a1        0x0 c:/avr8-gnu-toolchain-3.7.0.1796-win32.any.x86_64/avr8-gnu-toolchain-win32_x86_64/bin/../lib/gcc/avr/7.3.0/../../../../avr/lib/avr5\libm.a(fp_round.o)
 .data          0x00000000008000a1        0x0 c:/avr8-gnu-toolchain-3.7.0.1796-win32.any.x86_64/avr8-gnu-toolchain-win32_x86_64/bin/../lib/gcc/avr/7.3.0/../../../../avr/lib/avr5\libm.a(fp_split3.o)
 .data          0x00000000008000a1        0x0 c:/avr8-gnu-toolchain-3.7.0.1796-win32.any.x86_64/avr8-gnu-toolchain-win32_x86_64/bin/../lib/gcc/avr/7.3.0/../../../../avr/lib/avr5\libm.a(fp_zero.o)
 .data          0x00000000008000a1        0x0 c:/avr8-gnu-toolchain-3.7.0.1796-win32.any.x86_64/avr8-gnu-toolchain-win32_x86_64/bin/../lib/gcc/avr/7.3.0/../../../../avr/lib/avr5\libm.a(mulsf3.o)
 .data          0x00000000008000a1        0x0 c:/avr8-gnu-toolchain-3.7.0.1796-win32.any.x86_64/avr8-gnu-toolchain-win32_x86_64/bin/../lib/gcc/avr/7.3.0/../../../../avr/lib/avr5\libm.a(mulsf3x.o)
 *(.data*)
 *(.gnu.linkonce.d*)
 *(.rodata)
 .rodata        0x00000000008000a1       0x18 C:\Users\MRHEND~1\AppData\Local\Temp\ccBKyDnp.o
 .rodata        0x00000000008000b9        0xa C:\Users\MRHEND~1\AppData\Local\Temp\cczsFEto.o
 *(.rodata*)
 *(.gnu.linkonce.r*)
                0x00000000008000c4                . = ALIGN (0x2)
 *fill*         0x00000000008000c3        0x1 
                0x00000000008000c4                _edata = .
                0x00000000008000c4                PROVIDE (__data_end, .)

.bss            0x00000000008000c4       0x2a
                0x00000000008000c4                PROVIDE (__bss_start, .)
 *(.bss)
 .bss           0x00000000008000c4        0x0 c:/avr8-gnu-toolchain-3.7.0.1796-win32.any.x86_64/avr8-gnu-toolchain-win32_x86_64/bin/../lib/gcc/avr/7.3.0/../../../../avr/lib/avr5/crtatmega32.o
 .bss           0x00000000008000c4        0x6 C:\Users\MRHEND~1\AppData\Local\Temp\ccmi50R1.o
                0x00000000008000c4                MODE_Operation
                0x00000000008000c5                PED_BTN_State
                0x00000000008000c6                Car_Led_State
 .bss           0x00000000008000ca        0x0 C:\Users\MRHEND~1\AppData\Local\Temp\cciwZqPy.o
 .bss           0x00000000008000ca        0xc C:\Users\MRHEND~1\AppData\Local\Temp\ccYT4HVg.o
                0x00000000008000ca                ADC_State
 .bss           0x00000000008000d6        0x0 C:\Users\MRHEND~1\AppData\Local\Temp\ccU557i6.o
 .bss           0x00000000008000d6        0x0 C:\Users\MRHEND~1\AppData\Local\Temp\cc67hK5V.o
 .bss           0x00000000008000d6        0xc C:\Users\MRHEND~1\AppData\Local\Temp\ccmcMlhX.o
 .bss           0x00000000008000e2        0x0 C:\Users\MRHEND~1\AppData\Local\Temp\ccALAF02.o
 .bss           0x00000000008000e2        0x8 C:\Users\MRHEND~1\AppData\Local\Temp\cc3xGCc7.o
 .bss           0x00000000008000ea        0x0 C:\Users\MRHEND~1\AppData\Local\Temp\ccq5pplc.o
 .bss           0x00000000008000ea        0x4 C:\Users\MRHEND~1\AppData\Local\Temp\ccBKyDnp.o
 .bss           0x00000000008000ee        0x0 C:\Users\MRHEND~1\AppData\Local\Temp\ccu8UShG.o
 .bss           0x00000000008000ee        0x0 C:\Users\MRHEND~1\AppData\Local\Temp\cchNXSx2.o
 .bss           0x00000000008000ee        0x0 C:\Users\MRHEND~1\AppData\Local\Temp\cc4Ffbxw.o
 .bss           0x00000000008000ee        0x0 C:\Users\MRHEND~1\AppData\Local\Temp\ccBytzf5.o
 .bss           0x00000000008000ee        0x0 C:\Users\MRHEND~1\AppData\Local\Temp\ccm2yLpE.o
 .bss           0x00000000008000ee        0x0 C:\Users\MRHEND~1\AppData\Local\Temp\cczsFEto.o
 .bss           0x00000000008000ee        0x0 C:\Users\MRHEND~1\AppData\Local\Temp\cckOiotc.o
 .bss           0x00000000008000ee        0x0 C:\Users\MRHEND~1\AppData\Local\Temp\ccb1l656.o
 .bss           0x00000000008000ee        0x0 c:/avr8-gnu-toolchain-3.7.0.1796-win32.any.x86_64/avr8-gnu-toolchain-win32_x86_64/bin/../lib/gcc/avr/7.3.0/avr5\libgcc.a(_udivmodhi4.o)
 .bss           0x00000000008000ee        0x0 c:/avr8-gnu-toolchain-3.7.0.1796-win32.any.x86_64/avr8-gnu-toolchain-win32_x86_64/bin/../lib/gcc/avr/7.3.0/avr5\libgcc.a(_divmodsi4.o)
 .bss           0x00000000008000ee        0x0 c:/avr8-gnu-toolchain-3.7.0.1796-win32.any.x86_64/avr8-gnu-toolchain-win32_x86_64/bin/../lib/gcc/avr/7.3.0/avr5\libgcc.a(_negsi2.o)
 .bss           0x00000000008000ee        0x0 c:/avr8-gnu-toolchain-3.7.0.1796-win32.any.x86_64/avr8-gnu-toolchain-win32_x86_64/bin/../lib/gcc/avr/7.3.0/avr5\libgcc.a(_exit.o)
 .bss           0x00000000008000ee        0x0 c:/avr8-gnu-toolchain-3.7.0.1796-win32.any.x86_64/avr8-gnu-toolchain-win32_x86_64/bin/../lib/gcc/avr/7.3.0/avr5\libgcc.a(_tablejump2.o)
 .bss           0x00000000008000ee        0x0 c:/avr8-gnu-toolchain-3.7.0.1796-win32.any.x86_64/avr8-gnu-toolchain-win32_x86_64/bin/../lib/gcc/avr/7.3.0/avr5\libgcc.a(_copy_data.o)
 .bss           0x00000000008000ee        0x0 c:/avr8-gnu-toolchain-3.7.0.1796-win32.any.x86_64/avr8-gnu-toolchain-win32_x86_64/bin/../lib/gcc/avr/7.3.0/avr5\libgcc.a(_clear_bss.o)
 .bss           0x00000000008000ee        0x0 c:/avr8-gnu-toolchain-3.7.0.1796-win32.any.x86_64/avr8-gnu-toolchain-win32_x86_64/bin/../lib/gcc/avr/7.3.0/avr5\libgcc.a(_udivmodsi4.o)
 .bss           0x00000000008000ee        0x0 c:/avr8-gnu-toolchain-3.7.0.1796-win32.any.x86_64/avr8-gnu-toolchain-win32_x86_64/bin/../lib/gcc/avr/7.3.0/../../../../avr/lib/avr5\libm.a(addsf3.o)
 .bss           0x00000000008000ee        0x0 c:/avr8-gnu-toolchain-3.7.0.1796-win32.any.x86_64/avr8-gnu-toolchain-win32_x86_64/bin/../lib/gcc/avr/7.3.0/../../../../avr/lib/avr5\libm.a(addsf3x.o)
 .bss           0x00000000008000ee        0x0 c:/avr8-gnu-toolchain-3.7.0.1796-win32.any.x86_64/avr8-gnu-toolchain-win32_x86_64/bin/../lib/gcc/avr/7.3.0/../../../../avr/lib/avr5\libm.a(cmpsf2.o)
 .bss           0x00000000008000ee        0x0 c:/avr8-gnu-toolchain-3.7.0.1796-win32.any.x86_64/avr8-gnu-toolchain-win32_x86_64/bin/../lib/gcc/avr/7.3.0/../../../../avr/lib/avr5\libm.a(divsf3.o)
 .bss           0x00000000008000ee        0x0 c:/avr8-gnu-toolchain-3.7.0.1796-win32.any.x86_64/avr8-gnu-toolchain-win32_x86_64/bin/../lib/gcc/avr/7.3.0/../../../../avr/lib/avr5\libm.a(divsf3x.o)
 .bss           0x00000000008000ee        0x0 c:/avr8-gnu-toolchain-3.7.0.1796-win32.any.x86_64/avr8-gnu-toolchain-win32_x86_64/bin/../lib/gcc/avr/7.3.0/../../../../avr/lib/avr5\libm.a(fixunssfsi.o)
 .bss           0x00000000008000ee        0x0 c:/avr8-gnu-toolchain-3.7.0.1796-win32.any.x86_64/avr8-gnu-toolchain-win32_x86_64/bin/../lib/gcc/avr/7.3.0/../../../../avr/lib/avr5\libm.a(floatsisf.o)
 .bss           0x00000000008000ee        0x0 c:/avr8-gnu-toolchain-3.7.0.1796-win32.any.x86_64/avr8-gnu-toolchain-win32_x86_64/bin/../lib/gcc/avr/7.3.0/../../../../avr/lib/avr5\libm.a(fp_cmp.o)
 .bss           0x00000000008000ee        0x0 c:/avr8-gnu-toolchain-3.7.0.1796-win32.any.x86_64/avr8-gnu-toolchain-win32_x86_64/bin/../lib/gcc/avr/7.3.0/../../../../avr/lib/avr5\libm.a(fp_inf.o)
 .bss           0x00000000008000ee        0x0 c:/avr8-gnu-toolchain-3.7.0.1796-win32.any.x86_64/avr8-gnu-toolchain-win32_x86_64/bin/../lib/gcc/avr/7.3.0/../../../../avr/lib/avr5\libm.a(fp_nan.o)
 .bss           0x00000000008000ee        0x0 c:/avr8-gnu-toolchain-3.7.0.1796-win32.any.x86_64/avr8-gnu-toolchain-win32_x86_64/bin/../lib/gcc/avr/7.3.0/../../../../avr/lib/avr5\libm.a(fp_pscA.o)
 .bss           0x00000000008000ee        0x0 c:/avr8-gnu-toolchain-3.7.0.1796-win32.any.x86_64/avr8-gnu-toolchain-win32_x86_64/bin/../lib/gcc/avr/7.3.0/../../../../avr/lib/avr5\libm.a(fp_pscB.o)
 .bss           0x00000000008000ee        0x0 c:/avr8-gnu-toolchain-3.7.0.1796-win32.any.x86_64/avr8-gnu-toolchain-win32_x86_64/bin/../lib/gcc/avr/7.3.0/../../../../avr/lib/avr5\libm.a(fp_round.o)
 .bss           0x00000000008000ee        0x0 c:/avr8-gnu-toolchain-3.7.0.1796-win32.any.x86_64/avr8-gnu-toolchain-win32_x86_64/bin/../lib/gcc/avr/7.3.0/../../../../avr/lib/avr5\libm.a(fp_split3.o)
 .bss           0x00000000008000ee        0x0 c:/avr8-gnu-toolchain-3.7.0.1796-win32.any.x86_64/avr8-gnu-toolchain-win32_x86_64/bin/../lib/gcc/avr/7.3.0/../../../../avr/lib/avr5\libm.a(fp_zero.o)
 .bss           0x00000000008000ee        0x0 c:/avr8-gnu-toolchain-3.7.0.1796-win32.any.x86_64/avr8-gnu-toolchain-win32_x86_64/bin/../lib/gcc/avr/7.3.0/../../../../avr/lib/avr5\libm.a(mulsf3.o)
 .bss           0x00000000008000ee        0x0 c:/avr8-gnu-toolchain-3.7.0.1796-win32.any.x86_64/avr8-gnu-toolchain-win32_x86_64/bin/../lib/gcc/avr/7.3.0/../../../../avr/lib/avr5\libm.a(mulsf3x.o)
 *(.bss*)
 *(COMMON)
                0x00000000008000ee                PROVIDE (__bss_end, .)
                0x000000000000200e                __data_load_start = LOADADDR (.data)
                0x0000000000002072                __data_load_end = (__data_load_start + SIZEOF (.data))

.noinit         0x00000000008000ee        0x0
                [!provide]                        PROVIDE (__noinit_start, .)
 *(.noinit*)
                [!provide]                        PROVIDE (__noinit_end, .)
                0x00000000008000ee                _end = .
                [!provide]                        PROVIDE (__heap_start, .)

.eeprom         0x0000000000810000        0x0
 *(.eeprom*)
                0x0000000000810000                __eeprom_end = .

.fuse
 *(.fuse)
 *(.lfuse)
 *(.hfuse)
 *(.efuse)

.lock
 *(.lock*)

.signature
 *(.signature*)

.user_signatures
 *(.user_signatures*)

.stab
 *(.stab)

.stabstr
 *(.stabstr)

.stab.excl
 *(.stab.excl)

.stab.exclstr
 *(.stab.exclstr)

.stab.index
 *(.stab.index)

.stab.indexstr
 *(.stab.indexstr)

.comment        0x0000000000000000       0x30
 *(.comment)
 .comment       0x0000000000000000       0x30 C:\Users\MRHEND~1\AppData\Local\Temp\ccmi50R1.o
                                         0x31 (size before relaxing)
 .comment       0x0000000000000030       0x31 C:\Users\MRHEND~1\AppData\Local\Temp\cciwZqPy.o
 .comment       0x0000000000000030       0x31 C:\Users\MRHEND~1\AppData\Local\Temp\ccYT4HVg.o
 .comment       0x0000000000000030       0x31 C:\Users\MRHEND~1\AppData\Local\Temp\ccU557i6.o
 .comment       0x0000000000000030       0x31 C:\Users\MRHEND~1\AppData\Local\Temp\cc67hK5V.o
 .comment       0x0000000000000030       0x31 C:\Users\MRHEND~1\AppData\Local\Temp\ccmcMlhX.o
 .comment       0x0000000000000030       0x31 C:\Users\MRHEND~1\AppData\Local\Temp\ccALAF02.o
 .comment       0x0000000000000030       0x31 C:\Users\MRHEND~1\AppData\Local\Temp\cc3xGCc7.o
 .comment       0x0000000000000030       0x31 C:\Users\MRHEND~1\AppData\Local\Temp\ccq5pplc.o
 .comment       0x0000000000000030       0x31 C:\Users\MRHEND~1\AppData\Local\Temp\ccBKyDnp.o
 .comment       0x0000000000000030       0x31 C:\Users\MRHEND~1\AppData\Local\Temp\ccu8UShG.o
 .comment       0x0000000000000030       0x31 C:\Users\MRHEND~1\AppData\Local\Temp\cchNXSx2.o
 .comment       0x0000000000000030       0x31 C:\Users\MRHEND~1\AppData\Local\Temp\cc4Ffbxw.o
 .comment       0x0000000000000030       0x31 C:\Users\MRHEND~1\AppData\Local\Temp\ccBytzf5.o
 .comment       0x0000000000000030       0x31 C:\Users\MRHEND~1\AppData\Local\Temp\ccm2yLpE.o
 .comment       0x0000000000000030       0x31 C:\Users\MRHEND~1\AppData\Local\Temp\cczsFEto.o
 .comment       0x0000000000000030       0x31 C:\Users\MRHEND~1\AppData\Local\Temp\cckOiotc.o
 .comment       0x0000000000000030       0x31 C:\Users\MRHEND~1\AppData\Local\Temp\ccb1l656.o

.note.gnu.avr.deviceinfo
                0x0000000000000000       0x3c
 .note.gnu.avr.deviceinfo
                0x0000000000000000       0x3c c:/avr8-gnu-toolchain-3.7.0.1796-win32.any.x86_64/avr8-gnu-toolchain-win32_x86_64/bin/../lib/gcc/avr/7.3.0/../../../../avr/lib/avr5/crtatmega32.o

.avr.prop       0x0000000000000000       0x16
 .avr.prop      0x0000000000000000       0x16 C:\Users\MRHEND~1\AppData\Local\Temp\ccYT4HVg.o

.note.gnu.build-id
 *(.note.gnu.build-id)

.debug
 *(.debug)

.line
 *(.line)

.debug_srcinfo
 *(.debug_srcinfo)

.debug_sfnames
 *(.debug_sfnames)

.debug_aranges
 *(.debug_aranges)

.debug_pubnames
 *(.debug_pubnames)

.debug_info     0x0000000000000000      0x4e6
 *(.debug_info .gnu.linkonce.wi.*)
 .debug_info    0x0000000000000000      0x4e6 c:/avr8-gnu-toolchain-3.7.0.1796-win32.any.x86_64/avr8-gnu-toolchain-win32_x86_64/bin/../lib/gcc/avr/7.3.0/../../../../avr/lib/avr5/crtatmega32.o

.debug_abbrev   0x0000000000000000      0x4a3
 *(.debug_abbrev)
 .debug_abbrev  0x0000000000000000      0x4a3 c:/avr8-gnu-toolchain-3.7.0.1796-win32.any.x86_64/avr8-gnu-toolchain-win32_x86_64/bin/../lib/gcc/avr/7.3.0/../../../../avr/lib/avr5/crtatmega32.o

.debug_line     0x0000000000000000       0x1a
 *(.debug_line .debug_line.* .debug_line_end)
 .debug_line    0x0000000000000000       0x1a c:/avr8-gnu-toolchain-3.7.0.1796-win32.any.x86_64/avr8-gnu-toolchain-win32_x86_64/bin/../lib/gcc/avr/7.3.0/../../../../avr/lib/avr5/crtatmega32.o

.debug_frame
 *(.debug_frame)

.debug_str      0x0000000000000000      0x196
 *(.debug_str)
 .debug_str     0x0000000000000000      0x196 c:/avr8-gnu-toolchain-3.7.0.1796-win32.any.x86_64/avr8-gnu-toolchain-win32_x86_64/bin/../lib/gcc/avr/7.3.0/../../../../avr/lib/avr5/crtatmega32.o

.debug_loc
 *(.debug_loc)

.debug_macinfo
 *(.debug_macinfo)

.debug_weaknames
 *(.debug_weaknames)

.debug_funcnames
 *(.debug_funcnames)

.debug_typenames
 *(.debug_typenames)

.debug_varnames
 *(.debug_varnames)

.debug_pubtypes
 *(.debug_pubtypes)

.debug_ranges
 *(.debug_ranges)

.debug_macro
 *(.debug_macro)
OUTPUT(build/output.hex elf32-avr)
LOAD linker stubs
